(rozdí (historie) . . Diskuse:Prihlasovani.; 19:43 . . (-1 559) . . 41.210.252.11 (Diskuse) (None)
(rozdí (historie) . . Diskuse:Prihlasovani.; 19:42 . . (+1 764) . . 24.16.249.239 (Diskuse) (wLeovNEPVXDkZfmN)
(rozdí (historie) . . Diskuse:Prihlasovani.; 19:42 . . (-2 630) . . 93.174.93.58 (Diskuse) (WPoeovecRrGVVqCyiQc)
(rozdí (historie) . . Diskuse:Nát.vníniha/Archiv04.; 19:41 . . (-1 839) . . 192.251.226.206 (Diskuse) (nLkuhfYvf)
(rozdí (historie) . . Diskuse:Prihlasovani.; 19:39 . . (+2 582) . . 88.198.3.10 (Diskuse) (qqoKsaMStOA)
(rozdí (historie) . . Diskuse:Prihlasovani.; 19:34 . . (+93) . . 87.118.106.104 (Diskuse) (gpGlMUgPvuQun)
(rozdí (historie) . . Diskuse:Prihlasovani.; 19:34 . . (-1 485) . . 93.174.93.102 (Diskuse) (YyIzDUTC)
(rozdí (historie) . . Diskuse:Prihlasovani.; 19:32 . . (-1 126) . . 88.198.43.228 (Diskuse) (MnrSVAYWCIUOQ)
(rozdí (historie) . . Diskuse:Prihlasovani.; 19:31 . . (-32) . . 88.198.3.10 (Diskuse) (DNEnbIrx)
(rozdí (historie) . . Diskuse:Nát.vníniha/Archiv04.; 19:30 . . (+1 931) . . 201.68.172.87 (Diskuse) (aKJIAtdo)
(rozdí (historie) . . Diskuse:Prihlasovani.; 19:23 . . (+1 074) . . 88.198.3.10 (Diskuse) (iLuDFQpSdp)
(rozdí (historie) . . Diskuse:Prihlasovani.; 19:19 . . (+982) . . 88.198.43.228 (Diskuse) (MhATBpxYVRy)
(rozdí (historie) . . Diskuse:Nát.vníniha/Archiv04.; 19:16 . . (-176) . . 203.166.99.229 (Diskuse) (bSxVllHDIFzDpTHyiI)
(rozdí (historie) . . Diskuse:Prihlasovani.; 19:15 . . (-397) . . 66.232.105.72 (Diskuse) (DpUdovDyXJeJXyoFh)
(rozdí (historie) . . Diskuse:Prihlasovani.; 19:14 . . (+950) . . 200.6.201.214 (Diskuse) (xlwIFYaVpihj)
(rozdí (historie) . . Diskuse:Prihlasovani.; 19:14 . . (+106) . . 93.174.93.58 (Diskuse) (PzmGjXGU)
(rozdí (historie) . . Diskuse:Prihlasovani.; 19:07 . . (-1 584) . . 93.174.93.102 (Diskuse) (gWmkkEhB)
(rozdí (historie) . . Diskuse:Prihlasovani.; 19:07 . . (-1 149) . . 88.198.43.228 (Diskuse) (WqrkyeIRwKIhxLTasfe)
(rozdí (historie) . . Diskuse:Prihlasovani.; 19:05 . . (-37) . . 88.198.3.10 (Diskuse) (uWUUPjvnTzN)
(rozdí (historie) . . Diskuse:Prihlasovani.; 18:57 . . (+1 173) . . 88.198.3.10 (Diskuse) (OIddJLlhsUIljQDAGgf)
(rozdí (historie) . . Diskuse:Prihlasovani.; 18:54 . . (-312) . . 88.198.43.228 (Diskuse) (bHMuTLLxGhmuye)
(rozdí (historie) . . Diskuse:Prihlasovani.; 18:50 . . (-780) . . 68.3.188.123 (Diskuse) (xQQwNFFsXxeXHKKHkn)
(rozdí (historie) . . Diskuse:Prihlasovani.; 18:48 . . (+2 583) . . 88.198.3.10 (Diskuse) (ogdReKNbKfP)
(rozdí (historie) . . Diskuse:Nát.vníniha/Archiv04.; 18:46 . . (-1 063) . . 219.124.15.135 (Diskuse) (SeZFtIfHvTNUjYom)
(rozdí (historie) . . Diskuse:Prihlasovani.; 18:42 . . (+106) . . 93.174.93.58 (Diskuse) (eQLFJZJIdx)
(rozdí (historie) . . Diskuse:Prihlasovani.; 18:42 . . (-1 547) . . 93.174.93.102 (Diskuse) (OdCeCCGlNcRCqcR)
(rozdí (historie) . . Diskuse:Prihlasovani.; 18:41 . . (+822) . . 88.198.43.228 (Diskuse) (VVzurCUTBBsoGxxuOnQ)
(rozdí (historie) . . Diskuse:Prihlasovani.; 18:40 . . (-1 954) . . 66.232.105.72 (Diskuse) (ffmgtuGpm)
(rozdí (historie) . . Diskuse:Prihlasovani.; 18:40 . . (+2 545) . . 88.198.3.10 (Diskuse) (bfcYLLHvSZB)
(rozdí (historie) . . Diskuse:Prihlasovani.; 18:38 . . (-2 071) . . 209.13.158.21 (Diskuse) (riEbateoRS)
(rozdí (historie) . . Diskuse:Nát.vníniha/Archiv04.; 18:38 . . (-621) . . 200.65.127.161 (Diskuse) (jjAihcgI)
(rozdí (historie) . . Diskuse:Nát.vníniha/Archiv04.; 18:34 . . (+1 614) . . 98.209.171.42 (Diskuse) (GZfJpZIgmzBo)
(rozdí (historie) . . Diskuse:Prihlasovani.; 18:31 . . (+536) . . 71.199.171.132 (Diskuse) (-2006)
(rozdí (historie) . . Diskuse:Prihlasovani.; 18:29 . . (+1 554) . . 88.198.43.228 (Diskuse) (mAPZwfusjKrHvOTbtPx)
(rozdí (historie) . . Diskuse:Prihlasovani.; 18:27 . . (-2 608) . . 93.174.93.58 (Diskuse) (aaLjhGaxZa)
(rozdí (historie) . . Diskuse:Prihlasovani.; 18:21 . . (+2 763) . . 88.198.3.10 (Diskuse) (sMZSGPQbTtSCOxtIbX)
(rozdí (historie) . . Diskuse:Nát.vníniha/Archiv04.; 18:21 . . (-2 116) . . 221.130.191.216 (Diskuse) (dvKvymkSrVvqMXtS)
(rozdí (historie) . . Diskuse:Prihlasovani.; 18:16 . . (-1 749) . . 93.174.93.102 (Diskuse) (mfDbxnWNCThl)
(rozdí (historie) . . Diskuse:Prihlasovani.; 18:16 . . (-1 023) . . 88.198.43.228 (Diskuse) (HBiGLJxifOhRB)
(rozdí (historie) . . Diskuse:Nát.vníniha/Archiv04.; 18:15 . . (+2 266) . . 68.117.11.98 (Diskuse) (wRAAKIoZShUOui)
(rozdí (historie) . . Diskuse:Prihlasovani.; 18:13 . . (+1 542) . . 88.198.3.10 (Diskuse) (ZebyMnoibFQpfNhq)
(rozdí (historie) . . Diskuse:Prihlasovani.; 18:10 . . (+490) . . 83.151.30.22 (Diskuse) (CDKaMyEwioCAmsljXW)
(rozdí (historie) . . Diskuse:Prihlasovani.; 18:07 . . (-2 021) . . 66.232.105.72 (Diskuse) (smYHPSxBaALy)
(rozdí (historie) . . Diskuse:Prihlasovani.; 18:05 . . (+1 055) . . 88.198.3.10 (Diskuse) (qOAPMpdssWUOrxiTj)
(rozdí (historie) . . Diskuse:Prihlasovani.; 18:03 . . (+1 566) . . 88.198.43.228 (Diskuse) (yOyTRqFemIUlP)
(rozdí (historie) . . Diskuse:Prihlasovani.; 17:58 . . (-2 610) . . 93.174.93.58 (Diskuse) (CbCYJofTPTg)
(rozdí (historie) . . Diskuse:Prihlasovani.; 17:57 . . (+832) . . 88.198.3.10 (Diskuse) (CsjhKKphTzCuK)
(rozdí (historie) . . Diskuse:Prihlasovani.; 17:52 . . (+725) . . 66.25.178.43 (Diskuse) (RdYGBFDbYdak)
(rozdí (historie) . . Diskuse:Prihlasovani.; 17:51 . . (-415) . . 202.101.180.226 (Diskuse) (WCVOcpOMSeLsnTmBzEM)
(rozdí (historie) . . Diskuse:Prihlasovani.; 17:50 . . (+1 528) . . 88.198.43.228 (Diskuse) (fsSJagJvXhTIZIiktA)
